default /default

title Boot from Hard Drive\n
rootnoverify (hd0,0)
chainloader (hd0,0)+1

title
root

title Dos Programs\nRun Dos Programs
find --set-root /HBCD/boot.gz
kernel /HBCD/memdisk
initrd /HBCD/boot.gz

title Mini Windows Xp\nRun Antivirus and other windows programs
find --set-root /HBCD/XPLOADER.BIN
chainloader /HBCD/XPLOADER.BIN

title Mini Linux\nRecovery Is Possible Linux
find --set-root /HBCD/riplinux.gz
kernel /HBCD/linux xlogin keymap=us xkeymap=us root=/dev/ram0 rw vga=normal
initrd /HBCD/riplinux.gz

title
root

title Darik's Boot and Nuke\nHard Disk Eraser
find --set-root /HBCD/dban.gz
kernel /HBCD/memdisk
initrd /HBCD/dban.gz

title Kon-Boot\nWindows (any/blank password) and Linux (kon-usr) Login Without a Password
find --set-root /HBCD/konboot.gz
kernel /HBCD/memdisk
initrd /HBCD/konboot.gz

title Offline NT/2000/XP/Vista/7 Password Changer\nWindows Password Reset
find --set-root /HBCD/chntpw.gz
kernel /HBCD/linux vga=1
initrd /HBCD/chntpw.gz

title Smart Boot Manager 3.7.1\n
find --set-root /HBCD/smartbm.gz
kernel /HBCD/memdisk
initrd /HBCD/smartbm.gz

title Windows Memory Diagnostic\n
find --set-root /HBCD/memtest.gz
kernel /HBCD/memdisk
initrd /HBCD/memtest.gz

title ÚÄÄÄÄÄÄÄÄÄÄÄÄÄÄÄÄÄÄÄÄÄÄÄÄÄÄÄÄÄÄÄÄÄÄÄÄÄÄÄÄÄÄÄÄÄÄÄÄÄÄ¿
root

title ³ Boot from Hard Drive - Windows XP (NTLDR)        ³\n
find --set-root --ignore-floppies --ignore-cd /ntldr
map () (hd0)
map (hd0) ()
map --rehook
find --set-root --ignore-floppies --ignore-cd /ntldr
chainloader /ntldr
savedefault --wait=2

title ³ Boot from Hard Drive - Windows Vista/7 (BOOTMGR) ³\n
find --set-root --ignore-floppies --ignore-cd /bootmgr
map () (hd0)
map (hd0) ()
map --rehook
find --set-root --ignore-floppies --ignore-cd /bootmgr
chainloader /bootmgr
savedefault --wait=2

title ³ Fix "NTLDR is Missing"                           ³\n
find --set-root /HBCD/ntldr.gz
kernel /HBCD/memdisk
initrd /HBCD/ntldr.gz

title ÀÄÄÄÄÄÄÄÄÄÄÄÄÄÄÄÄÄÄÄÄÄÄÄÄÄÄÄÄÄÄÄÄÄÄÄÄÄÄÄÄÄÄÄÄÄÄÄÄÄÄÙ
root

title More...
root

title Dos Programs (Alternative Boot Method)\nUsing Grub4Dos map
find --set-root /HBCD/boot.gz
map --mem /HBCD/boot.gz (fd0)
map --hook
chainloader (fd0)+1
rootnoverify (fd0)
map --floppies=1
boot

title Linux Console\nRecovery Is Possible Linux
find --set-root /HBCD/riplinux.gz
kernel /HBCD/linux root=/dev/ram0 rw vga=normal
initrd /HBCD/riplinux.gz

title Chainload isolinux.bin\n
find --set-root /HBCD/isolinux.bin
chainloader /HBCD/isolinux.bin

title ...Back
root
